// Jest Snapshot v1, https://goo.gl/fbAQLP

exports[`TextContainerLayout Snapshot test renders correctly 1`] = `
<section
  style={
    Object {
      "fontSize": "1.05rem",
      "maxWidth": "24rem",
      "padding": "1rem",
    }
  }
>
   
  <h1>
    Whoah ho ho some text
  </h1>
   
</section>
`;
