// Jest Snapshot v1, https://goo.gl/fbAQLP

exports[`Profile Image Snapshot test renders correctly 1`] = `
<div
  style={
    Object {
      "height": "100%",
    }
  }
>
  <div
    style={
      Object {
        "alignItems": "center",
        "display": "flex",
        "flexDirection": "column",
        "justifyContent": "center",
      }
    }
  >
    <h1>
      404
    </h1>
    <a
      href="/"
    >
      back
    </a>
  </div>
</div>
`;
